2026-08-16 10:15:02 INFO  checkout-service Deployment version=v1.8.3 status=successful
2026-08-16 10:16:14 INFO  checkout-service Health check passed
2026-08-16 10:18:37 INFO  checkout-service Request completed endpoint=/checkout status=200 latency_ms=184
2026-08-16 10:20:51 INFO  checkout-service Request completed endpoint=/checkout status=200 latency_ms=241
2026-08-16 10:22:08 WARN  checkout-service Database connection pool usage=78%
2026-08-16 10:23:19 WARN  checkout-service Database connection pool usage=86%
2026-08-16 10:24:47 WARN  checkout-service Database connection pool usage=93%
2026-08-16 10:26:12 ERROR checkout-service Database connection acquisition timeout
2026-08-16 10:26:13 ERROR checkout-service Failed to process checkout error="connection pool exhausted"
2026-08-16 10:27:04 ERROR checkout-service Database connection acquisition timeout
2026-08-16 10:27:05 ERROR checkout-service Failed to process checkout error="connection pool exhausted"
2026-08-16 10:28:31 WARN  checkout-service Request latency elevated endpoint=/checkout latency_ms=2840
2026-08-16 10:29:17 WARN  checkout-service Request latency elevated endpoint=/checkout latency_ms=3912
2026-08-16 10:30:42 ERROR checkout-service Failed to process checkout status=500 error="connection pool exhausted"
2026-08-16 10:31:03 ERROR checkout-service Failed to process checkout status=500 error="connection pool exhausted"
2026-08-16 10:32:11 ERROR checkout-service Error rate exceeded threshold endpoint=/checkout error_rate=18.4%
2026-08-16 10:32:24 ERROR checkout-service Failed to process checkout status=500 error="connection pool exhausted"
2026-08-16 10:33:02 ERROR checkout-service Failed to process checkout status=500 error="connection pool exhausted"
2026-08-16 10:34:18 ERROR checkout-service Database connection acquisition timeout
2026-08-16 10:35:00 WARN  checkout-service Incident threshold triggered incident_id=INC-1042